python : Creating test 
database for alias 
'default' 
('test_rental_db')...
At line:1 char:1
+ python manage.py 
test store.tests.AuthVi
ewsTest -v 3 --noinput 
> test ...
+ ~~~~~~~~~~~~~~~~~~~~~
~~~~~~~~~~~~~~~~~~~~~~~
~~~~~~~~~~~~~~~~~~~~~~~
~~
    + CategoryInfo     
         : NotSpecifi  
  ed: (Creating test   
  d..._rental_db').    
..:String) [], Rem    
oteException
    + FullyQualifiedEr 
   rorId : NativeComm  
  andError
 

Found 6 test(s).
Operations to perform:
  Synchronize unmigrated apps: messages, staticfiles
  Apply all migrations: admin, auth, contenttypes, sessions, store
Running pre-migrate handlers for application admin
Running pre-migrate handlers for application auth
Running pre-migrate handlers for application contenttypes
Running pre-migrate handlers for application sessions
Running pre-migrate handlers for application store
Synchronizing apps without migrations:
  Creating tables...
    Running deferred SQL...
Running migrations:
  Applying contenttypes.0001_initial... OK (0.070s)
  Applying auth.0001_initial... OK (1.071s)
  Applying admin.0001_initial... OK (0.218s)
  Applying admin.0002_logentry_remove_auto_add... OK (0.013s)
  Applying admin.0003_logentry_add_action_flag_choices... OK (0.013s)
  Applying contenttypes.0002_remove_content_type_name... OK (0.188s)
  Applying auth.0002_alter_permission_name_max_length... OK (0.150s)
  Applying auth.0003_alter_user_email_max_length... OK (0.032s)
  Applying auth.0004_alter_user_username_opts... OK (0.012s)
  Applying auth.0005_alter_user_last_login_null... OK (0.096s)
  Applying auth.0006_require_contenttypes_0002... OK (0.006s)
  Applying auth.0007_alter_validators_add_error_messages... OK (0.011s)
  Applying auth.0008_alter_user_username_max_length... OK (0.112s)
  Applying auth.0009_alter_user_last_name_max_length... OK (0.163s)
  Applying auth.0010_alter_group_name_max_length... OK (0.031s)
  Applying auth.0011_update_proxy_permissions... OK (0.015s)
  Applying auth.0012_alter_user_first_name_max_length... OK (0.112s)
  Applying sessions.0001_initial... OK (0.059s)
  Applying store.0001_initial... OK (1.392s)
  Applying store.0002_alter_booking_total_days_alter_booking_total_price... OK (0.262s)
  Applying store.0003_clothing_is_featured... OK (0.145s)
  Applying store.0004_category_slug... OK (0.098s)
  Applying store.0005_alter_category_slug... OK (0.083s)
  Applying store.0006_alter_category_slug... OK (0.073s)
  Applying store.0007_alter_category_slug... OK (0.108s)
  Applying store.0008_remove_category_slug... OK (0.065s)
  Applying store.0009_category_slug... OK (0.100s)
  Applying store.0010_detail... OK (0.130s)
  Applying store.0011_remove_message_chatroom_remove_message_sender_and_more... OK (0.235s)
  Applying store.0012_clothing_gender... OK (0.124s)
  Applying store.0013_alter_userprofile_address_alter_userprofile_phone... OK (0.022s)
test_login_user_invalid
 (store.tests.AuthViews
Test.test_login_user_in
valid) ... ERROR
test_login_user_post (s
tore.tests.AuthViewsTes
t.test_login_user_post)
 ... ok
test_login_view_get (st
ore.tests.AuthViewsTest
.test_login_view_get) 
... ok
test_logout_user (store
.tests.AuthViewsTest.te
st_logout_user) ... ok
test_register_user_post
 (store.tests.AuthViews
Test.test_register_user
_post) ... ok
test_register_view_get 
(store.tests.AuthViewsT
est.test_register_view_
get) ... ok

=======================
=======================
=======================
=
ERROR: test_login_user_
invalid (store.tests.Au
thViewsTest.test_login_
user_invalid)
-----------------------
-----------------------
-----------------------
-
Traceback (most recent 
call last):
  File "C:\rental_proje
ct\store\tests.py", 
line 70, in 
test_login_user_invalid
    self.assertFormErro
r(response, 'form', 
None, 'Invalid email 
or password.')
    ~~~~~~~~~~~~~~~~~~~
~^^^^^^^^^^^^^^^^^^^^^^
^^^^^^^^^^^^^^^^^^^^^^^
^^^^^^^^^
  File "C:\Users\SHIVAM
\AppData\Roaming\Python
\Python313\site-package
s\django\test\testcases
.py", line 708, in 
assertFormError
    self._assert_form_e
rror(form, field, 
errors, msg_prefix)
    ~~~~~~~~~~~~~~~~~~~
~~~~^^^^^^^^^^^^^^^^^^^
^^^^^^^^^^^^^^
  File "C:\Users\SHIVAM
\AppData\Roaming\Python
\Python313\site-package
s\django\test\testcases
.py", line 665, in 
_assert_form_error
    if not 
form.is_bound:
           
^^^^^^^^^^^^^
AttributeError: 
'HttpResponse' object 
has no attribute 
'is_bound'

-----------------------
-----------------------
-----------------------
-
Ran 6 tests in 1.696s

FAILED (errors=1)
Destroying test 
database for alias 
'default' 
('test_rental_db')...

  Applying store.0014_rentalorder... OK (0.287s)
Running post-migrate handlers for application admin
Adding content type 'admin | logentry'
Adding permission 'Permission object (None)'
Adding permission 'Permission object (None)'
Adding permission 'Permission object (None)'
Adding permission 'Permission object (None)'
Running post-migrate handlers for application auth
Adding content type 'auth | group'
Adding content type 'auth | permission'
Adding content type 'auth | user'
Adding permission 'Permission object (None)'
Adding permission 'Permission object (None)'
Adding permission 'Permission object (None)'
Adding permission 'Permission object (None)'
Adding permission 'Permission object (None)'
Adding permission 'Permission object (None)'
Adding permission 'Permission object (None)'
Adding permission 'Permission object (None)'
Adding permission 'Permission object (None)'
Adding permission 'Permission object (None)'
Adding permission 'Permission object (None)'
Adding permission 'Permission object (None)'
Running post-migrate handlers for application contenttypes
Adding content type 'contenttypes | contenttype'
Adding permission 'Permission object (None)'
Adding permission 'Permission object (None)'
Adding permission 'Permission object (None)'
Adding permission 'Permission object (None)'
Running post-migrate handlers for application sessions
Adding content type 'sessions | session'
Adding permission 'Permission object (None)'
Adding permission 'Permission object (None)'
Adding permission 'Permission object (None)'
Adding permission 'Permission object (None)'
Running post-migrate handlers for application store
Adding content type 'store | booking'
Adding content type 'store | category'
Adding content type 'store | clothing'
Adding content type 'store | detail'
Adding content type 'store | payment'
Adding content type 'store | rentalorder'
Adding content type 'store | review'
Adding content type 'store | userprofile'
Adding permission 'Permission object (None)'
Adding permission 'Permission object (None)'
Adding permission 'Permission object (None)'
Adding permission 'Permission object (None)'
Adding permission 'Permission object (None)'
Adding permission 'Permission object (None)'
Adding permission 'Permission object (None)'
Adding permission 'Permission object (None)'
Adding permission 'Permission object (None)'
Adding permission 'Permission object (None)'
Adding permission 'Permission object (None)'
Adding permission 'Permission object (None)'
Adding permission 'Permission object (None)'
Adding permission 'Permission object (None)'
Adding permission 'Permission object (None)'
Adding permission 'Permission object (None)'
Adding permission 'Permission object (None)'
Adding permission 'Permission object (None)'
Adding permission 'Permission object (None)'
Adding permission 'Permission object (None)'
Adding permission 'Permission object (None)'
Adding permission 'Permission object (None)'
Adding permission 'Permission object (None)'
Adding permission 'Permission object (None)'
Adding permission 'Permission object (None)'
Adding permission 'Permission object (None)'
Adding permission 'Permission object (None)'
Adding permission 'Permission object (None)'
Adding permission 'Permission object (None)'
Adding permission 'Permission object (None)'
Adding permission 'Permission object (None)'
Adding permission 'Permission object (None)'
System check identified no issues (0 silenced).
